📋 coverage ledger（M 清单）→ GLBL_00084_汉武帝.plan.json
📦 分批成稿 GLBL_00084：18 批
成稿 第 1/18 批（M001–M017）
成稿 第 2/18 批（M018–M034）
成稿 第 3/18 批（M035–M050）
成稿 第 4/18 批（M051–M068）
成稿 第 4/18 批（M051–M068）（重试 1/2）
成稿 第 5/18 批（M069–M082）
成稿 第 6/18 批（M083–M097）
   🔧 已校正批内引号形态
成稿 第 7/18 批（M098–M117）
成稿 第 7/18 批（M098–M117）（重试 1/2）
成稿 第 8/18 批（M118–M133）
成稿 第 9/18 批（M134–M151）
成稿 第 9/18 批（M134–M151）（重试 1/2）
成稿 第 10/18 批（M152–M168）
成稿 第 11/18 批（M169–M187）
成稿 第 12/18 批（M188–M205）
成稿 第 12/18 批（M188–M205）（重试 1/2）
成稿 第 13/18 批（M206–M222）
成稿 第 14/18 批（M223–M239）
成稿 第 15/18 批（M240–M257）
成稿 第 16/18 批（M258–M272）
成稿 第 17/18 批（M273–M289）
成稿 第 18/18 批（M290–M309）
⏳ 前置引入 GLBL_00084
⏳ 篇末结尾 GLBL_00084
✅ GLBL_00084 精简流水线成稿 18476 字 → GLBL_00084_汉武帝.json
   🔧 成稿后处理: 程序拼接参考著作
   ⚠️ 成稿字数偏少: 18476 < 母本×1.2=19994 （软警告，不阻断落盘；请抽查是否漏译或 Phase2 补全不足）
   ℹ️ 语义覆盖（合并补验）：待复核 287/287 单元
   ℹ️ 语义覆盖复核开始: 287 单元 → 48 批（每批 ≤6）
   ℹ️ 语义覆盖复核 [1/48] conveyed=6 unclear=0 missing=0 contradicted=0
   ℹ️ 语义覆盖账本已更新 [1/48]
   ℹ️ 语义覆盖复核 [2/48] conveyed=6 unclear=0 missing=0 contradicted=0
   ℹ️ 语义覆盖账本已更新 [2/48]
   ℹ️ 语义覆盖复核 [3/48] conveyed=6 unclear=0 missing=0 contradicted=0
   ℹ️ 语义覆盖账本已更新 [3/48]
   ℹ️ 语义覆盖复核 [4/48] conveyed=6 unclear=0 missing=0 contradicted=0
   ℹ️ 语义覆盖账本已更新 [4/48]
   ℹ️ 语义覆盖复核 [5/48] conveyed=6 unclear=0 missing=0 contradicted=0
   ℹ️ 语义覆盖账本已更新 [5/48]
   ℹ️ 语义覆盖复核 [6/48] conveyed=6 unclear=0 missing=0 contradicted=0
   ℹ️ 语义覆盖账本已更新 [6/48]
   ℹ️ 语义覆盖复核 [7/48] conveyed=6 unclear=0 missing=0 contradicted=0
   ℹ️ 语义覆盖账本已更新 [7/48]
   ℹ️ 语义覆盖复核 [8/48] conveyed=6 unclear=0 missing=0 contradicted=0
   ℹ️ 语义覆盖账本已更新 [8/48]
   ℹ️ 语义覆盖复核 [9/48] conveyed=6 unclear=0 missing=0 contradicted=0
   ℹ️ 语义覆盖账本已更新 [9/48]
   ℹ️ 语义覆盖复核 [10/48] conveyed=6 unclear=0 missing=0 contradicted=0
   ℹ️ 语义覆盖账本已更新 [10/48]
   ℹ️ 语义覆盖复核 [11/48] conveyed=6 unclear=0 missing=0 contradicted=0
   ℹ️ 语义覆盖账本已更新 [11/48]
   ℹ️ 语义覆盖复核 [12/48] conveyed=6 unclear=0 missing=0 contradicted=0
   ℹ️ 语义覆盖账本已更新 [12/48]
   ℹ️ 语义覆盖复核 [13/48] conveyed=6 unclear=0 missing=0 contradicted=0
   ℹ️ 语义覆盖账本已更新 [13/48]
   ℹ️ 语义覆盖复核 [14/48] conveyed=6 unclear=0 missing=0 contradicted=0
   ℹ️ 语义覆盖账本已更新 [14/48]
   ℹ️ 语义覆盖复核 [15/48] conveyed=6 unclear=0 missing=0 contradicted=0
   ℹ️ 语义覆盖账本已更新 [15/48]
   ℹ️ 语义覆盖复核 [16/48] conveyed=6 unclear=0 missing=0 contradicted=0
   ℹ️ 语义覆盖账本已更新 [16/48]
   ℹ️ 语义覆盖复核 [17/48] conveyed=6 unclear=0 missing=0 contradicted=0
   ℹ️ 语义覆盖账本已更新 [17/48]
   ℹ️ 语义覆盖复核 [18/48] conveyed=6 unclear=0 missing=0 contradicted=0
   ℹ️ 语义覆盖账本已更新 [18/48]
   ℹ️ 语义覆盖复核 [19/48] conveyed=6 unclear=0 missing=0 contradicted=0
   ℹ️ 语义覆盖账本已更新 [19/48]
   ℹ️ 语义覆盖复核 [20/48] conveyed=6 unclear=0 missing=0 contradicted=0
   ℹ️ 语义覆盖账本已更新 [20/48]
   ℹ️ 语义覆盖复核 [21/48] conveyed=6 unclear=0 missing=0 contradicted=0
   ℹ️ 语义覆盖账本已更新 [21/48]
   ℹ️ 语义覆盖复核 [22/48] conveyed=6 unclear=0 missing=0 contradicted=0
   ℹ️ 语义覆盖账本已更新 [22/48]
   ℹ️ 语义覆盖复核 [23/48] conveyed=6 unclear=0 missing=0 contradicted=0
   ℹ️ 语义覆盖账本已更新 [23/48]
   ℹ️ 语义覆盖复核 [24/48] conveyed=6 unclear=0 missing=0 contradicted=0
   ℹ️ 语义覆盖账本已更新 [24/48]
   ℹ️ 语义覆盖复核 [25/48] conveyed=6 unclear=0 missing=0 contradicted=0
   ℹ️ 语义覆盖账本已更新 [25/48]
   ℹ️ 语义覆盖复核 [26/48] conveyed=6 unclear=0 missing=0 contradicted=0
   ℹ️ 语义覆盖账本已更新 [26/48]
   ℹ️ 语义覆盖复核 [27/48] conveyed=6 unclear=0 missing=0 contradicted=0
   ℹ️ 语义覆盖账本已更新 [27/48]
   ℹ️ 语义覆盖复核 [28/48] conveyed=6 unclear=0 missing=0 contradicted=0
   ℹ️ 语义覆盖账本已更新 [28/48]
   ℹ️ 语义覆盖复核 [29/48] conveyed=6 unclear=0 missing=0 contradicted=0
   ℹ️ 语义覆盖账本已更新 [29/48]
   ℹ️ 语义覆盖复核 [30/48] conveyed=6 unclear=0 missing=0 contradicted=0
   ℹ️ 语义覆盖账本已更新 [30/48]
   ℹ️ 语义覆盖复核 [31/48] conveyed=6 unclear=0 missing=0 contradicted=0
   ℹ️ 语义覆盖账本已更新 [31/48]
   ℹ️ 语义覆盖复核 [32/48] conveyed=6 unclear=0 missing=0 contradicted=0
   ℹ️ 语义覆盖账本已更新 [32/48]
   ℹ️ 语义覆盖复核 [33/48] conveyed=6 unclear=0 missing=0 contradicted=0
   ℹ️ 语义覆盖账本已更新 [33/48]
   ℹ️ 语义覆盖复核 [34/48] conveyed=6 unclear=0 missing=0 contradicted=0
   ℹ️ 语义覆盖账本已更新 [34/48]
   ℹ️ 语义覆盖复核 [35/48] conveyed=6 unclear=0 missing=0 contradicted=0
   ℹ️ 语义覆盖账本已更新 [35/48]
   ℹ️ 语义覆盖复核 [36/48] conveyed=6 unclear=0 missing=0 contradicted=0
   ℹ️ 语义覆盖账本已更新 [36/48]
   ℹ️ 语义覆盖复核 [37/48] conveyed=6 unclear=0 missing=0 contradicted=0
   ℹ️ 语义覆盖账本已更新 [37/48]
   ℹ️ 语义覆盖复核 [38/48] conveyed=6 unclear=0 missing=0 contradicted=0
   ℹ️ 语义覆盖账本已更新 [38/48]
   ℹ️ 语义覆盖复核 [39/48] conveyed=6 unclear=0 missing=0 contradicted=0
   ℹ️ 语义覆盖账本已更新 [39/48]
   ℹ️ 语义覆盖复核 [40/48] conveyed=6 unclear=0 missing=0 contradicted=0
   ℹ️ 语义覆盖账本已更新 [40/48]
   ℹ️ 语义覆盖复核 [41/48] conveyed=6 unclear=0 missing=0 contradicted=0
   ℹ️ 语义覆盖账本已更新 [41/48]
   ℹ️ 语义覆盖复核 [42/48] conveyed=6 unclear=0 missing=0 contradicted=0
   ℹ️ 语义覆盖账本已更新 [42/48]
   ℹ️ 语义覆盖复核 [43/48] conveyed=6 unclear=0 missing=0 contradicted=0
   ℹ️ 语义覆盖账本已更新 [43/48]
   ℹ️ 语义覆盖复核 [44/48] conveyed=6 unclear=0 missing=0 contradicted=0
   ℹ️ 语义覆盖账本已更新 [44/48]
   ℹ️ 语义覆盖复核 [45/48] conveyed=6 unclear=0 missing=0 contradicted=0
   ℹ️ 语义覆盖账本已更新 [45/48]
   ℹ️ 语义覆盖复核 [46/48] conveyed=6 unclear=0 missing=0 contradicted=0
   ℹ️ 语义覆盖账本已更新 [46/48]
   ℹ️ 语义覆盖复核 [47/48] conveyed=6 unclear=0 missing=0 contradicted=0
   ℹ️ 语义覆盖账本已更新 [47/48]
   ℹ️ 语义覆盖复核 [48/48] conveyed=5 unclear=0 missing=0 contradicted=0
   ℹ️ 语义覆盖账本已更新 [48/48]
   ℹ️ 语义覆盖复核完成: conveyed=287/287 unclear=0 missing=0 contradicted=0
   ℹ️ 母本语义覆盖: 287/287 单元已传达 (100%)；满足传达率 ≥80% 且未传达 ≤3；本次新复核 287 单元
✅ GLBL_00084 完成 18477 字 (single, 426s) → 11新标注条目翻译/
📌 产出已落盘（未自动同步）。人工确认后: python3 translate.py promote --id GLBL_00084 [--sync]
