🔁 续跑 --from-phase phase2（跳过「产出已有效」短路）
⚠️ plan 清单与 recall 不一致，按母本重建: GLBL_00149 黄帝 32→29 句
⚠️ plan 清单与 recall 不一致，按母本重建: GLBL_00149 黄帝 32→29 句
   ℹ️ Phase1 合并语义 L2 已跳过（润色成稿后在 Phase2 后验覆盖）
   ⚠️ 引号+破折号：宜优先融入叙述，忌同义再译主腔: 「诸侯相侵伐，暴虐百姓，而神农氏弗能征」——各路诸侯互相攻伐，残害百姓，神农氏却无力制止。于是轩
   ⚠️ 引号+破折号：宜优先融入叙述，忌同义再译主腔: 「天下有不顺者，黄帝从而征之，平者去之，披山通道，未尝宁居。」——他几乎是马不停蹄地奔波在路上。
⏭️ 跳过 Phase1（沿用 GLBL_00149_黄帝.mother.json）
📐 三节点流水线：第二阶段整篇润色（不分章）
⏳ Phase2 整篇润色 GLBL_00149 → GLBL_00149_黄帝.json
   🔧 已自动修正模糊出处表述
   🔧 润色后愈合: 弯引原文→「」×3, 过碎「」去引号×2, 地名补注涿鹿, 地名补注江水, 地名补注若水
   ℹ️ 语义覆盖（成稿）：账本 0/26 已传达，待复核 26 单元
   ℹ️ 语义覆盖：本轮仅复核 12/26 单元（上限 12，其余下轮）
   ℹ️ 语义覆盖复核开始: 12 单元 → 2 批（每批 ≤6）
   ℹ️ 语义覆盖复核 [1/2] conveyed=6 unclear=0 missing=0 contradicted=0
   ℹ️ 语义覆盖账本已更新 [1/2]
   ℹ️ 语义覆盖复核 [2/2] conveyed=6 unclear=0 missing=0 contradicted=0
   ℹ️ 语义覆盖账本已更新 [2/2]
   ℹ️ 语义覆盖复核完成: conveyed=12/12 unclear=0 missing=0 contradicted=0
📋 修复工单 → GLBL_00149.repair.json（COVERAGE_MISS / refine_scope）
💡 将自动重试：refine_scope / phase1_or_phase2_coverage_retry（COVERAGE_MISS）
❌ 翻译未通过:
   Phase2: 母本语义覆盖不足: 12/26 已传达 (46% < 80%)，且未传达 14 条 > 3
   Phase2:   [未复核] M014 东至于海，登丸山，及岱宗。
   Phase2:   [未复核] M015 西至于空桐，登鸡头。
   Phase2:   [未复核] M016 南至于江，登熊、湘。
   Phase2:   [未复核] M017 北逐荤粥，合符釜山，而邑于涿鹿之阿。
   Phase2:   [未复核] M018 迁徙往来无常处，以师兵为营卫。
   Phase2:   [未复核] M019 官名皆以云命，为云师。
   Phase2:   [未复核] M020 置左右大监，监于万国。
   Phase2:   [未复核] M021 万国和，而鬼神山川封禅与为多焉。
   Phase2:   …另有 6 单元未传达
🔁 续跑 --from-phase phase2（跳过「产出已有效」短路）
   ℹ️ Phase1 合并语义 L2 已跳过（润色成稿后在 Phase2 后验覆盖）
   ⚠️ 引号+破折号：宜优先融入叙述，忌同义再译主腔: 「诸侯相侵伐，暴虐百姓，而神农氏弗能征」——各路诸侯互相攻伐，残害百姓，神农氏却无力制止。于是轩
   ⚠️ 引号+破折号：宜优先融入叙述，忌同义再译主腔: 「天下有不顺者，黄帝从而征之，平者去之，披山通道，未尝宁居。」——他几乎是马不停蹄地奔波在路上。
⏭️ 跳过 Phase1（沿用 GLBL_00149_黄帝.mother.json）
📐 三节点流水线：第二阶段整篇润色（不分章）
⏳ Phase2 整篇润色 GLBL_00149 → GLBL_00149_黄帝.json
   🔧 润色后愈合: 过碎「」去引号×3
   ℹ️ 语义覆盖（成稿·1/4）：账本 0/26 已传达，待复核 26 单元
   ℹ️ 语义覆盖：本轮仅复核 12/26 单元（上限 12，其余下轮）
   ℹ️ 语义覆盖复核开始: 12 单元 → 2 批（每批 ≤6）
   ℹ️ 语义覆盖复核 [1/2] conveyed=6 unclear=0 missing=0 contradicted=0
   ℹ️ 语义覆盖账本已更新 [1/2]
   ℹ️ 语义覆盖复核 [2/2] conveyed=6 unclear=0 missing=0 contradicted=0
   ℹ️ 语义覆盖账本已更新 [2/2]
   ℹ️ 语义覆盖复核完成: conveyed=12/12 unclear=0 missing=0 contradicted=0
   ℹ️ 成稿语义覆盖：尚有 14 单元待复核，继续第 2/4 轮…
   ℹ️ 语义覆盖（成稿·2/4）：账本 12/26 已传达，待复核 14 单元
   ℹ️ 语义覆盖：本轮仅复核 12/14 单元（上限 12，其余下轮）
   ℹ️ 语义覆盖复核开始: 12 单元 → 2 批（每批 ≤6）
