[1/51] compose-detail GLBL_01036 燕惠公 (春秋)
  ✅ GLBL_01036
[2/51] compose-detail GLBL_01037 楚文王 (春秋)
  ✅ GLBL_01037
[3/51] compose-detail GLBL_01038 楚共王 (春秋)
  ✅ GLBL_01038
[4/51] compose-detail GLBL_01039 曹成公 (春秋)
  ✅ GLBL_01039
[5/51] compose-detail GLBL_01040 曹悼公 (春秋)
  ✅ GLBL_01040
[6/51] compose-detail GLBL_01041 曹共公 (春秋)
  ✅ GLBL_01041
[7/51] compose-detail GLBL_01042 宋昭公 (春秋)
  ✅ GLBL_01042
[8/51] compose-detail GLBL_01043 宋共公 (春秋)
  ✅ GLBL_01043
[9/51] compose-detail GLBL_01044 卫襄公 (春秋)
  ✅ GLBL_01044
[10/51] compose-detail GLBL_01045 卫懿公 (春秋)
  ✅ GLBL_01045
[11/51] compose-detail GLBL_01046 周景王 (春秋)
  ✅ GLBL_01046
[12/51] compose-detail GLBL_01047 周灵王 (春秋)
  ✅ GLBL_01047
[13/51] compose-detail GLBL_01048 周釐王 (春秋)
  ✅ GLBL_01048
[14/51] compose-detail GLBL_01049 周庄王 (春秋)
  ✅ GLBL_01049
[15/51] compose-detail GLBL_01050 周桓王 (春秋)
  ✅ GLBL_01050
[16/51] compose-detail GLBL_01051 周平王 (春秋)
  ✅ GLBL_01051
[17/51] compose-detail GLBL_01052 周简王 (春秋)
  ✅ GLBL_01052
[18/51] compose-detail GLBL_01053 周顷王 (春秋)
  ✅ GLBL_01053
[19/51] compose-detail GLBL_01054 周匡王 (春秋)
  ✅ GLBL_01054
[20/51] compose-detail GLBL_01055 骊姬 (春秋)
  ✅ GLBL_01055
[21/51] compose-detail GLBL_01056 夏姬 (春秋)
  ✅ GLBL_01056
[22/51] compose-detail GLBL_01057 共叔段 (春秋)
  ✅ GLBL_01057
[23/51] compose-detail GLBL_01058 公子纠 (春秋)
  ✅ GLBL_01058
[24/51] compose-detail GLBL_01059 赵夙 (春秋)
  ✅ GLBL_01059
[25/51] compose-detail GLBL_01060 韩万 (春秋)
  ✅ GLBL_01060
[26/51] compose-detail GLBL_01061 竖刁 (春秋)
  ✅ GLBL_01061
[27/51] compose-detail GLBL_01062 费无极 (春秋)
  ✅ GLBL_01062
[28/51] compose-detail GLBL_01063 伊戾 (春秋)
  ✅ GLBL_01063
[29/51] compose-detail GLBL_01064 赵盾 (春秋)
  ✅ GLBL_01064
[30/51] compose-detail GLBL_01065 百里奚 (春秋)
  ✅ GLBL_01065
[31/51] compose-detail GLBL_01066 叔向 (春秋)
  ✅ GLBL_01066
[32/51] compose-detail GLBL_01067 季札 (春秋)
  ✅ GLBL_01067
[33/51] compose-detail GLBL_01068 师旷 (春秋)
  ✅ GLBL_01068
[34/51] compose-detail GLBL_01069 卜商 (春秋)
  ✅ GLBL_01069
[35/51] compose-detail GLBL_01070 鲍叔牙 (春秋)
  ✅ GLBL_01070
[36/51] compose-detail GLBL_01071 狐偃 (春秋)
  ✅ GLBL_01071
[37/51] compose-detail GLBL_01072 文种 (春秋)
  ✅ GLBL_01072
[38/51] compose-detail GLBL_01073 先轸 (春秋)
  ✅ GLBL_01073
[39/51] compose-detail GLBL_01074 孟明视 (春秋)
  ✅ GLBL_01074
[40/51] compose-detail GLBL_01075 曹刿 (春秋)
  ✅ GLBL_01075
[41/51] compose-detail GLBL_01076 郤克 (春秋)
  ✅ GLBL_01076
[42/51] compose-detail GLBL_01077 申包胥 (春秋)
  ✅ GLBL_01077
[43/51] compose-detail GLBL_01078 赤狄 (春秋)
  ✅ GLBL_01078
[44/51] compose-detail GLBL_01079 白狄 (春秋)
  ✅ GLBL_01079
[45/51] compose-detail GLBL_01080 山戎 (春秋)
  ✅ GLBL_01080
[46/51] compose-detail GLBL_01081 陆浑戎 (春秋)
  ✅ GLBL_01081
[47/51] compose-detail GLBL_01082 百濮 (春秋)
  ✅ GLBL_01082
[48/51] compose-detail GLBL_01083 钟子期 (春秋)
  ✅ GLBL_01083
[49/51] compose-detail GLBL_01084 柳下惠 (春秋)
  ✅ GLBL_01084
[50/51] compose-detail GLBL_01085 程婴 (春秋)
  ✅ GLBL_01085
[51/51] compose-detail GLBL_01086 弦高 (春秋)
  ✅ GLBL_01086
compose 完成 51/51 | checkpoint → /Users/rachelcheng/Desktop/padanhis/pandahis/pandahis/data/05工作流中间产物/v2_compose_checkpoint.json
