[1/11] translate GLBL_00077 汉宣帝 (mode=full)
  ✅ GLBL_00077 (full)
[2/11] translate GLBL_00081 汉文帝 (mode=full)
  ✅ GLBL_00081 (full)
[3/11] translate GLBL_00083 汉景帝 (mode=full)
  ❌ GLBL_00083 — exit=1 (full)
[4/11] translate GLBL_00084 汉武帝 (mode=full)
  ❌ GLBL_00084 — exit=1 (full)
[5/11] translate GLBL_00085 汉高祖 (mode=full)
  ❌ GLBL_00085 — exit=1 (full)
[6/11] translate GLBL_00075 汉元帝 (mode=full)
  ✅ GLBL_00075 (full)
[7/11] translate GLBL_00076 汉哀帝 (mode=full)
  ❌ GLBL_00076 — exit=1 (full)
[8/11] translate GLBL_00079 汉惠帝 (mode=full)
  ❌ GLBL_00079 — exit=1 (full)
[9/11] translate GLBL_00080 汉成帝 (mode=full)
  ❌ GLBL_00080 — exit=1 (full)
[10/11] translate GLBL_00082 汉昭帝 (mode=full)
  ❌ GLBL_00082 — exit=1 (full)
[11/11] translate GLBL_00078 汉平帝 (mode=full)
  ❌ GLBL_00078 — exit=1 (full)
顺译完成 3/11 | 有效累计 3 | checkpoint → data/05工作流中间产物/v2_xihan_junwang_translate_checkpoint.json
[1/8] translate GLBL_00083 汉景帝 (mode=repair)
  ✅ GLBL_00083 (repair)
[2/8] translate GLBL_00084 汉武帝 (mode=repair)
  ✅ GLBL_00084 (repair)
[3/8] translate GLBL_00085 汉高祖 (mode=repair)
  ✅ GLBL_00085 (repair)
[4/8] translate GLBL_00076 汉哀帝 (mode=full)
  ✅ GLBL_00076 (full)
[5/8] translate GLBL_00079 汉惠帝 (mode=full)
  ❌ GLBL_00079 — exit=1 (full)
[6/8] translate GLBL_00080 汉成帝 (mode=full)
  ✅ GLBL_00080 (full)
[7/8] translate GLBL_00082 汉昭帝 (mode=full)
  ✅ GLBL_00082 (full)
[8/8] translate GLBL_00078 汉平帝 (mode=full)
  ✅ GLBL_00078 (full)
顺译完成 7/8 | 有效累计 10 | checkpoint → data/05工作流中间产物/v2_xihan_junwang_translate_checkpoint.json
